[assembly: System.Runtime.Versioning.TargetFrameworkAttribute(".NETStandard,Version=v2.0", FrameworkDisplayName="")]
namespace Hocon.Extensions.Configuration
{
    public class static HoconConfigurationExtensions
    {
        public static Microsoft.Extensions.Configuration.IConfigurationBuilder AddHoconFile(this Microsoft.Extensions.Configuration.IConfigurationBuilder builder, string path) { }
        public static Microsoft.Extensions.Configuration.IConfigurationBuilder AddHoconFile(this Microsoft.Extensions.Configuration.IConfigurationBuilder builder, string path, bool optional) { }
        public static Microsoft.Extensions.Configuration.IConfigurationBuilder AddHoconFile(this Microsoft.Extensions.Configuration.IConfigurationBuilder builder, string path, bool optional, bool reloadOnChange) { }
        public static Microsoft.Extensions.Configuration.IConfigurationBuilder AddHoconFile(this Microsoft.Extensions.Configuration.IConfigurationBuilder builder, Microsoft.Extensions.FileProviders.IFileProvider provider, string path, bool optional, bool reloadOnChange) { }
        public static Microsoft.Extensions.Configuration.IConfigurationBuilder AddHoconFile(this Microsoft.Extensions.Configuration.IConfigurationBuilder builder, System.Action<Hocon.Extensions.Configuration.HoconConfigurationSource> configureSource) { }
    }
    public class HoconConfigurationProvider : Microsoft.Extensions.Configuration.FileConfigurationProvider
    {
        public HoconConfigurationProvider(Hocon.Extensions.Configuration.HoconConfigurationSource source) { }
        public override void Load(System.IO.Stream stream) { }
    }
    public class HoconConfigurationSource : Microsoft.Extensions.Configuration.FileConfigurationSource
    {
        public HoconConfigurationSource() { }
        public override Microsoft.Extensions.Configuration.IConfigurationProvider Build(Microsoft.Extensions.Configuration.IConfigurationBuilder builder) { }
    }
}